[22-Jul-2026 11:20:00 UTC] PHP Warning:  wp_update_plugins(): An unexpected error occurred. Something may be wrong with WordPress.org or this server&#8217;s configuration. If you continue to have problems, please try the <a href="https://wordpress.org/support/forums/">support forums</a>. (WordPress could not establish a secure connection to WordPress.org. Please contact your server administrator.) in C:\Users\sudes\Local Sites\mitii\app\public\wp-includes\functions.php on line 6170
[23-Jul-2026 09:30:36 UTC] Automatic updates starting...
[23-Jul-2026 09:30:36 UTC]   Automatic plugin updates starting...
[23-Jul-2026 09:30:36 UTC]   Automatic plugin updates complete.
[23-Jul-2026 09:30:37 UTC] Automatic updates complete.
[24-Jul-2026 10:33:06 UTC] WordPress database error Duplicate entry '4-3' for key 'wp_mitii_staff_services.staff_service_unique' for query INSERT INTO `wp_mitii_staff_services` (`staff_id`, `service_id`) VALUES ('4', '3') made by require('wp-blog-header.php'), wp, WP->main, WP->parse_request, do_action_ref_array('parse_request'), WP_Hook->do_action, WP_Hook->apply_filters, rest_api_loaded, WP_REST_Server->serve_request, WP_REST_Server->dispatch, WP_REST_Server->respond_to_request, Mitii_Staff_Controller::update_staff, Mitii_Staff_Controller::set_services_for_staff
[01-Aug-2026 08:42:07 UTC] Automatic updates starting...
[01-Aug-2026 08:42:09 UTC] Automatic updates complete.
[01-Aug-2026 09:45:50 UTC] Automatic updates starting...
[01-Aug-2026 09:45:50 UTC] Automatic updates complete.
[02-Aug-2026 09:28:41 UTC] Automatic updates starting...
[02-Aug-2026 09:28:45 UTC] Automatic updates complete.
[04-Aug-2026 07:31:30 UTC] PHP Fatal error:  Uncaught TypeError: call_user_func_array(): Argument #1 ($callback) must be a valid callback, class "Miii_Customer_Portal_Shortcode" not found in C:\Users\sudes\Local Sites\mitii\app\public\wp-includes\class-wp-hook.php:341
Stack trace:
#0 C:\Users\sudes\Local Sites\mitii\app\public\wp-includes\class-wp-hook.php(365): WP_Hook->apply_filters(NULL, Array)
#1 C:\Users\sudes\Local Sites\mitii\app\public\wp-includes\plugin.php(522): WP_Hook->do_action(Array)
#2 C:\Users\sudes\Local Sites\mitii\app\public\wp-includes\script-loader.php(2329): do_action('wp_enqueue_scri...')
#3 C:\Users\sudes\Local Sites\mitii\app\public\wp-includes\class-wp-hook.php(341): wp_enqueue_scripts('')
#4 C:\Users\sudes\Local Sites\mitii\app\public\wp-includes\class-wp-hook.php(365): WP_Hook->apply_filters(NULL, Array)
#5 C:\Users\sudes\Local Sites\mitii\app\public\wp-includes\plugin.php(522): WP_Hook->do_action(Array)
#6 C:\Users\sudes\Local Sites\mitii\app\public\wp-includes\general-template.php(3208): do_action('wp_head')
#7 C:\Users\sudes\Local Sites\mitii\app\public\wp-includes\template-canvas.php(17): wp_head()
#8 C:\Users\sudes\Local Sites\mitii\app\public\wp-includes\template-loader.php(132): include('C:\\Users\\sudes\\...')
#9 C:\Users\sudes\Local Sites\mitii\app\public\wp-blog-header.php(19): require_once('C:\\Users\\sudes\\...')
#10 C:\Users\sudes\Local Sites\mitii\app\public\index.php(17): require('C:\\Users\\sudes\\...')
#11 {main}
  thrown in C:\Users\sudes\Local Sites\mitii\app\public\wp-includes\class-wp-hook.php on line 341
[04-Aug-2026 07:31:37 UTC] PHP Fatal error:  Uncaught TypeError: call_user_func_array(): Argument #1 ($callback) must be a valid callback, class "Miii_Customer_Portal_Shortcode" not found in C:\Users\sudes\Local Sites\mitii\app\public\wp-includes\class-wp-hook.php:341
Stack trace:
#0 C:\Users\sudes\Local Sites\mitii\app\public\wp-includes\class-wp-hook.php(365): WP_Hook->apply_filters(NULL, Array)
#1 C:\Users\sudes\Local Sites\mitii\app\public\wp-includes\plugin.php(522): WP_Hook->do_action(Array)
#2 C:\Users\sudes\Local Sites\mitii\app\public\wp-includes\script-loader.php(2329): do_action('wp_enqueue_scri...')
#3 C:\Users\sudes\Local Sites\mitii\app\public\wp-includes\class-wp-hook.php(341): wp_enqueue_scripts('')
#4 C:\Users\sudes\Local Sites\mitii\app\public\wp-includes\class-wp-hook.php(365): WP_Hook->apply_filters(NULL, Array)
#5 C:\Users\sudes\Local Sites\mitii\app\public\wp-includes\plugin.php(522): WP_Hook->do_action(Array)
#6 C:\Users\sudes\Local Sites\mitii\app\public\wp-includes\general-template.php(3208): do_action('wp_head')
#7 C:\Users\sudes\Local Sites\mitii\app\public\wp-includes\template-canvas.php(17): wp_head()
#8 C:\Users\sudes\Local Sites\mitii\app\public\wp-includes\template-loader.php(132): include('C:\\Users\\sudes\\...')
#9 C:\Users\sudes\Local Sites\mitii\app\public\wp-blog-header.php(19): require_once('C:\\Users\\sudes\\...')
#10 C:\Users\sudes\Local Sites\mitii\app\public\index.php(17): require('C:\\Users\\sudes\\...')
#11 {main}
  thrown in C:\Users\sudes\Local Sites\mitii\app\public\wp-includes\class-wp-hook.php on line 341
[04-Aug-2026 07:31:38 UTC] PHP Fatal error:  Uncaught TypeError: call_user_func_array(): Argument #1 ($callback) must be a valid callback, class "Miii_Customer_Portal_Shortcode" not found in C:\Users\sudes\Local Sites\mitii\app\public\wp-includes\class-wp-hook.php:341
Stack trace:
#0 C:\Users\sudes\Local Sites\mitii\app\public\wp-includes\class-wp-hook.php(365): WP_Hook->apply_filters(NULL, Array)
#1 C:\Users\sudes\Local Sites\mitii\app\public\wp-includes\plugin.php(522): WP_Hook->do_action(Array)
#2 C:\Users\sudes\Local Sites\mitii\app\public\wp-includes\script-loader.php(2329): do_action('wp_enqueue_scri...')
#3 C:\Users\sudes\Local Sites\mitii\app\public\wp-includes\class-wp-hook.php(341): wp_enqueue_scripts('')
#4 C:\Users\sudes\Local Sites\mitii\app\public\wp-includes\class-wp-hook.php(365): WP_Hook->apply_filters(NULL, Array)
#5 C:\Users\sudes\Local Sites\mitii\app\public\wp-includes\plugin.php(522): WP_Hook->do_action(Array)
#6 C:\Users\sudes\Local Sites\mitii\app\public\wp-includes\general-template.php(3208): do_action('wp_head')
#7 C:\Users\sudes\Local Sites\mitii\app\public\wp-includes\template-canvas.php(17): wp_head()
#8 C:\Users\sudes\Local Sites\mitii\app\public\wp-includes\template-loader.php(132): include('C:\\Users\\sudes\\...')
#9 C:\Users\sudes\Local Sites\mitii\app\public\wp-blog-header.php(19): require_once('C:\\Users\\sudes\\...')
#10 C:\Users\sudes\Local Sites\mitii\app\public\index.php(17): require('C:\\Users\\sudes\\...')
#11 {main}
  thrown in C:\Users\sudes\Local Sites\mitii\app\public\wp-includes\class-wp-hook.php on line 341
[04-Aug-2026 11:22:57 UTC] Automatic updates starting...
[04-Aug-2026 11:22:58 UTC] Automatic updates complete.
[04-Aug-2026 11:44:56 UTC] PHP Warning:  require_once(C:\Users\sudes\Local Sites\mitii\app\public\wp-content\plugins\mitii-booking\includes\class-mitii-email.php): Failed to open stream: No such file or directory in C:\Users\sudes\Local Sites\mitii\app\public\wp-content\plugins\mitii-booking\mitii-booking.php on line 29
[04-Aug-2026 11:44:56 UTC] PHP Fatal error:  Uncaught Error: Failed opening required 'C:\Users\sudes\Local Sites\mitii\app\public\wp-content\plugins\mitii-booking\includes\class-mitii-email.php' (include_path='.:/usr/share/php:/www/wp-content/pear') in C:\Users\sudes\Local Sites\mitii\app\public\wp-content\plugins\mitii-booking\mitii-booking.php:29
Stack trace:
#0 C:\Users\sudes\Local Sites\mitii\app\public\wp-settings.php(589): include_once()
#1 C:\Users\sudes\Local Sites\mitii\app\public\wp-config.php(108): require_once('C:\\Users\\sudes\\...')
#2 C:\Users\sudes\Local Sites\mitii\app\public\wp-load.php(50): require_once('C:\\Users\\sudes\\...')
#3 C:\Users\sudes\Local Sites\mitii\app\public\wp-admin\admin-ajax.php(22): require_once('C:\\Users\\sudes\\...')
#4 {main}
  thrown in C:\Users\sudes\Local Sites\mitii\app\public\wp-content\plugins\mitii-booking\mitii-booking.php on line 29
[04-Aug-2026 11:45:56 UTC] PHP Warning:  require_once(C:\Users\sudes\Local Sites\mitii\app\public\wp-content\plugins\mitii-booking/includes/class-mitii-email.php): Failed to open stream: No such file or directory in C:\Users\sudes\Local Sites\mitii\app\public\wp-content\plugins\mitii-booking\mitii-booking.php on line 29
[04-Aug-2026 11:45:56 UTC] PHP Fatal error:  Uncaught Error: Failed opening required 'C:\Users\sudes\Local Sites\mitii\app\public\wp-content\plugins\mitii-booking/includes/class-mitii-email.php' (include_path='.:/usr/share/php:/www/wp-content/pear') in C:\Users\sudes\Local Sites\mitii\app\public\wp-content\plugins\mitii-booking\mitii-booking.php:29
Stack trace:
#0 C:\Users\sudes\Local Sites\mitii\app\public\wp-settings.php(589): include_once()
#1 C:\Users\sudes\Local Sites\mitii\app\public\wp-config.php(108): require_once('C:\\Users\\sudes\\...')
#2 C:\Users\sudes\Local Sites\mitii\app\public\wp-load.php(50): require_once('C:\\Users\\sudes\\...')
#3 C:\Users\sudes\Local Sites\mitii\app\public\wp-admin\admin-ajax.php(22): require_once('C:\\Users\\sudes\\...')
#4 {main}
  thrown in C:\Users\sudes\Local Sites\mitii\app\public\wp-content\plugins\mitii-booking\mitii-booking.php on line 29
[04-Aug-2026 11:47:13 UTC] PHP Warning:  require_once(C:\Users\sudes\Local Sites\mitii\app\public\wp-content\plugins\mitii-booking/includes/class-mitii-email.php): Failed to open stream: No such file or directory in C:\Users\sudes\Local Sites\mitii\app\public\wp-content\plugins\mitii-booking\mitii-booking.php on line 29
[04-Aug-2026 11:47:13 UTC] PHP Fatal error:  Uncaught Error: Failed opening required 'C:\Users\sudes\Local Sites\mitii\app\public\wp-content\plugins\mitii-booking/includes/class-mitii-email.php' (include_path='.:/usr/share/php:/www/wp-content/pear') in C:\Users\sudes\Local Sites\mitii\app\public\wp-content\plugins\mitii-booking\mitii-booking.php:29
Stack trace:
#0 C:\Users\sudes\Local Sites\mitii\app\public\wp-settings.php(589): include_once()
#1 C:\Users\sudes\Local Sites\mitii\app\public\wp-config.php(108): require_once('C:\\Users\\sudes\\...')
#2 C:\Users\sudes\Local Sites\mitii\app\public\wp-load.php(50): require_once('C:\\Users\\sudes\\...')
#3 C:\Users\sudes\Local Sites\mitii\app\public\wp-admin\admin-ajax.php(22): require_once('C:\\Users\\sudes\\...')
#4 {main}
  thrown in C:\Users\sudes\Local Sites\mitii\app\public\wp-content\plugins\mitii-booking\mitii-booking.php on line 29
[04-Aug-2026 11:47:15 UTC] PHP Warning:  require_once(C:\Users\sudes\Local Sites\mitii\app\public\wp-content\plugins\mitii-booking/includes/class-mitii-email.php): Failed to open stream: No such file or directory in C:\Users\sudes\Local Sites\mitii\app\public\wp-content\plugins\mitii-booking\mitii-booking.php on line 29
[04-Aug-2026 11:47:15 UTC] PHP Fatal error:  Uncaught Error: Failed opening required 'C:\Users\sudes\Local Sites\mitii\app\public\wp-content\plugins\mitii-booking/includes/class-mitii-email.php' (include_path='.:/usr/share/php:/www/wp-content/pear') in C:\Users\sudes\Local Sites\mitii\app\public\wp-content\plugins\mitii-booking\mitii-booking.php:29
Stack trace:
#0 C:\Users\sudes\Local Sites\mitii\app\public\wp-settings.php(589): include_once()
#1 C:\Users\sudes\Local Sites\mitii\app\public\wp-config.php(108): require_once('C:\\Users\\sudes\\...')
#2 C:\Users\sudes\Local Sites\mitii\app\public\wp-load.php(50): require_once('C:\\Users\\sudes\\...')
#3 C:\Users\sudes\Local Sites\mitii\app\public\wp-admin\admin.php(35): require_once('C:\\Users\\sudes\\...')
#4 {main}
  thrown in C:\Users\sudes\Local Sites\mitii\app\public\wp-content\plugins\mitii-booking\mitii-booking.php on line 29
[04-Aug-2026 11:47:15 UTC] PHP Warning:  require_once(C:\Users\sudes\Local Sites\mitii\app\public\wp-content\plugins\mitii-booking/includes/class-mitii-email.php): Failed to open stream: No such file or directory in C:\Users\sudes\Local Sites\mitii\app\public\wp-content\plugins\mitii-booking\mitii-booking.php on line 29
[04-Aug-2026 11:47:15 UTC] PHP Fatal error:  Uncaught Error: Failed opening required 'C:\Users\sudes\Local Sites\mitii\app\public\wp-content\plugins\mitii-booking/includes/class-mitii-email.php' (include_path='.:/usr/share/php:/www/wp-content/pear') in C:\Users\sudes\Local Sites\mitii\app\public\wp-content\plugins\mitii-booking\mitii-booking.php:29
Stack trace:
#0 C:\Users\sudes\Local Sites\mitii\app\public\wp-settings.php(589): include_once()
#1 C:\Users\sudes\Local Sites\mitii\app\public\wp-config.php(108): require_once('C:\\Users\\sudes\\...')
#2 C:\Users\sudes\Local Sites\mitii\app\public\wp-load.php(50): require_once('C:\\Users\\sudes\\...')
#3 C:\Users\sudes\Local Sites\mitii\app\public\wp-blog-header.php(13): require_once('C:\\Users\\sudes\\...')
#4 C:\Users\sudes\Local Sites\mitii\app\public\index.php(17): require('C:\\Users\\sudes\\...')
#5 {main}
  thrown in C:\Users\sudes\Local Sites\mitii\app\public\wp-content\plugins\mitii-booking\mitii-booking.php on line 29
[04-Aug-2026 11:56:07 UTC] PHP Warning:  require_once(C:\Users\sudes\Local Sites\mitii\app\public\wp-content\plugins\mitii-booking/includes/class-mitii-email.php): Failed to open stream: No such file or directory in C:\Users\sudes\Local Sites\mitii\app\public\wp-content\plugins\mitii-booking\mitii-booking.php on line 29
[04-Aug-2026 11:56:07 UTC] PHP Fatal error:  Uncaught Error: Failed opening required 'C:\Users\sudes\Local Sites\mitii\app\public\wp-content\plugins\mitii-booking/includes/class-mitii-email.php' (include_path='.:/usr/share/php:/www/wp-content/pear') in C:\Users\sudes\Local Sites\mitii\app\public\wp-content\plugins\mitii-booking\mitii-booking.php:29
Stack trace:
#0 C:\Users\sudes\Local Sites\mitii\app\public\wp-settings.php(589): include_once()
#1 C:\Users\sudes\Local Sites\mitii\app\public\wp-config.php(108): require_once('C:\\Users\\sudes\\...')
#2 C:\Users\sudes\Local Sites\mitii\app\public\wp-load.php(50): require_once('C:\\Users\\sudes\\...')
#3 C:\Users\sudes\Local Sites\mitii\app\public\wp-admin\admin.php(35): require_once('C:\\Users\\sudes\\...')
#4 {main}
  thrown in C:\Users\sudes\Local Sites\mitii\app\public\wp-content\plugins\mitii-booking\mitii-booking.php on line 29
[04-Aug-2026 11:56:07 UTC] PHP Warning:  require_once(C:\Users\sudes\Local Sites\mitii\app\public\wp-content\plugins\mitii-booking/includes/class-mitii-email.php): Failed to open stream: No such file or directory in C:\Users\sudes\Local Sites\mitii\app\public\wp-content\plugins\mitii-booking\mitii-booking.php on line 29
[04-Aug-2026 11:56:07 UTC] PHP Fatal error:  Uncaught Error: Failed opening required 'C:\Users\sudes\Local Sites\mitii\app\public\wp-content\plugins\mitii-booking/includes/class-mitii-email.php' (include_path='.:/usr/share/php:/www/wp-content/pear') in C:\Users\sudes\Local Sites\mitii\app\public\wp-content\plugins\mitii-booking\mitii-booking.php:29
Stack trace:
#0 C:\Users\sudes\Local Sites\mitii\app\public\wp-settings.php(589): include_once()
#1 C:\Users\sudes\Local Sites\mitii\app\public\wp-config.php(108): require_once('C:\\Users\\sudes\\...')
#2 C:\Users\sudes\Local Sites\mitii\app\public\wp-load.php(50): require_once('C:\\Users\\sudes\\...')
#3 C:\Users\sudes\Local Sites\mitii\app\public\wp-blog-header.php(13): require_once('C:\\Users\\sudes\\...')
#4 C:\Users\sudes\Local Sites\mitii\app\public\index.php(17): require('C:\\Users\\sudes\\...')
#5 {main}
  thrown in C:\Users\sudes\Local Sites\mitii\app\public\wp-content\plugins\mitii-booking\mitii-booking.php on line 29
[04-Aug-2026 12:09:56 UTC] PHP Warning:  require_once(C:\Users\sudes\Local Sites\mitii\app\public\wp-content\plugins\mitii-booking/includes/class-mitii-email.php): Failed to open stream: No such file or directory in C:\Users\sudes\Local Sites\mitii\app\public\wp-content\plugins\mitii-booking\mitii-booking.php on line 29
[04-Aug-2026 12:09:56 UTC] PHP Fatal error:  Uncaught Error: Failed opening required 'C:\Users\sudes\Local Sites\mitii\app\public\wp-content\plugins\mitii-booking/includes/class-mitii-email.php' (include_path='.:/usr/share/php:/www/wp-content/pear') in C:\Users\sudes\Local Sites\mitii\app\public\wp-content\plugins\mitii-booking\mitii-booking.php:29
Stack trace:
#0 C:\Users\sudes\Local Sites\mitii\app\public\wp-settings.php(589): include_once()
#1 C:\Users\sudes\Local Sites\mitii\app\public\wp-config.php(108): require_once('C:\\Users\\sudes\\...')
#2 C:\Users\sudes\Local Sites\mitii\app\public\wp-load.php(50): require_once('C:\\Users\\sudes\\...')
#3 C:\Users\sudes\Local Sites\mitii\app\public\wp-blog-header.php(13): require_once('C:\\Users\\sudes\\...')
#4 C:\Users\sudes\Local Sites\mitii\app\public\index.php(17): require('C:\\Users\\sudes\\...')
#5 {main}
  thrown in C:\Users\sudes\Local Sites\mitii\app\public\wp-content\plugins\mitii-booking\mitii-booking.php on line 29
[04-Aug-2026 12:09:56 UTC] PHP Warning:  require_once(C:\Users\sudes\Local Sites\mitii\app\public\wp-content\plugins\mitii-booking/includes/class-mitii-email.php): Failed to open stream: No such file or directory in C:\Users\sudes\Local Sites\mitii\app\public\wp-content\plugins\mitii-booking\mitii-booking.php on line 29
[04-Aug-2026 12:09:56 UTC] PHP Fatal error:  Uncaught Error: Failed opening required 'C:\Users\sudes\Local Sites\mitii\app\public\wp-content\plugins\mitii-booking/includes/class-mitii-email.php' (include_path='.:/usr/share/php:/www/wp-content/pear') in C:\Users\sudes\Local Sites\mitii\app\public\wp-content\plugins\mitii-booking\mitii-booking.php:29
Stack trace:
#0 C:\Users\sudes\Local Sites\mitii\app\public\wp-settings.php(589): include_once()
#1 C:\Users\sudes\Local Sites\mitii\app\public\wp-config.php(108): require_once('C:\\Users\\sudes\\...')
#2 C:\Users\sudes\Local Sites\mitii\app\public\wp-load.php(50): require_once('C:\\Users\\sudes\\...')
#3 C:\Users\sudes\Local Sites\mitii\app\public\wp-blog-header.php(13): require_once('C:\\Users\\sudes\\...')
#4 C:\Users\sudes\Local Sites\mitii\app\public\index.php(17): require('C:\\Users\\sudes\\...')
#5 {main}
  thrown in C:\Users\sudes\Local Sites\mitii\app\public\wp-content\plugins\mitii-booking\mitii-booking.php on line 29
[04-Aug-2026 12:09:58 UTC] PHP Warning:  require_once(C:\Users\sudes\Local Sites\mitii\app\public\wp-content\plugins\mitii-booking/includes/class-mitii-email.php): Failed to open stream: No such file or directory in C:\Users\sudes\Local Sites\mitii\app\public\wp-content\plugins\mitii-booking\mitii-booking.php on line 29
[04-Aug-2026 12:09:58 UTC] PHP Fatal error:  Uncaught Error: Failed opening required 'C:\Users\sudes\Local Sites\mitii\app\public\wp-content\plugins\mitii-booking/includes/class-mitii-email.php' (include_path='.:/usr/share/php:/www/wp-content/pear') in C:\Users\sudes\Local Sites\mitii\app\public\wp-content\plugins\mitii-booking\mitii-booking.php:29
Stack trace:
#0 C:\Users\sudes\Local Sites\mitii\app\public\wp-settings.php(589): include_once()
#1 C:\Users\sudes\Local Sites\mitii\app\public\wp-config.php(108): require_once('C:\\Users\\sudes\\...')
#2 C:\Users\sudes\Local Sites\mitii\app\public\wp-load.php(50): require_once('C:\\Users\\sudes\\...')
#3 C:\Users\sudes\Local Sites\mitii\app\public\wp-blog-header.php(13): require_once('C:\\Users\\sudes\\...')
#4 C:\Users\sudes\Local Sites\mitii\app\public\index.php(17): require('C:\\Users\\sudes\\...')
#5 {main}
  thrown in C:\Users\sudes\Local Sites\mitii\app\public\wp-content\plugins\mitii-booking\mitii-booking.php on line 29
[04-Aug-2026 12:09:58 UTC] PHP Warning:  require_once(C:\Users\sudes\Local Sites\mitii\app\public\wp-content\plugins\mitii-booking/includes/class-mitii-email.php): Failed to open stream: No such file or directory in C:\Users\sudes\Local Sites\mitii\app\public\wp-content\plugins\mitii-booking\mitii-booking.php on line 29
[04-Aug-2026 12:09:58 UTC] PHP Fatal error:  Uncaught Error: Failed opening required 'C:\Users\sudes\Local Sites\mitii\app\public\wp-content\plugins\mitii-booking/includes/class-mitii-email.php' (include_path='.:/usr/share/php:/www/wp-content/pear') in C:\Users\sudes\Local Sites\mitii\app\public\wp-content\plugins\mitii-booking\mitii-booking.php:29
Stack trace:
#0 C:\Users\sudes\Local Sites\mitii\app\public\wp-settings.php(589): include_once()
#1 C:\Users\sudes\Local Sites\mitii\app\public\wp-config.php(108): require_once('C:\\Users\\sudes\\...')
#2 C:\Users\sudes\Local Sites\mitii\app\public\wp-load.php(50): require_once('C:\\Users\\sudes\\...')
#3 C:\Users\sudes\Local Sites\mitii\app\public\wp-blog-header.php(13): require_once('C:\\Users\\sudes\\...')
#4 C:\Users\sudes\Local Sites\mitii\app\public\index.php(17): require('C:\\Users\\sudes\\...')
#5 {main}
  thrown in C:\Users\sudes\Local Sites\mitii\app\public\wp-content\plugins\mitii-booking\mitii-booking.php on line 29
[04-Aug-2026 12:09:58 UTC] PHP Warning:  require_once(C:\Users\sudes\Local Sites\mitii\app\public\wp-content\plugins\mitii-booking/includes/class-mitii-email.php): Failed to open stream: No such file or directory in C:\Users\sudes\Local Sites\mitii\app\public\wp-content\plugins\mitii-booking\mitii-booking.php on line 29
[04-Aug-2026 12:09:58 UTC] PHP Fatal error:  Uncaught Error: Failed opening required 'C:\Users\sudes\Local Sites\mitii\app\public\wp-content\plugins\mitii-booking/includes/class-mitii-email.php' (include_path='.:/usr/share/php:/www/wp-content/pear') in C:\Users\sudes\Local Sites\mitii\app\public\wp-content\plugins\mitii-booking\mitii-booking.php:29
Stack trace:
#0 C:\Users\sudes\Local Sites\mitii\app\public\wp-settings.php(589): include_once()
#1 C:\Users\sudes\Local Sites\mitii\app\public\wp-config.php(108): require_once('C:\\Users\\sudes\\...')
#2 C:\Users\sudes\Local Sites\mitii\app\public\wp-load.php(50): require_once('C:\\Users\\sudes\\...')
#3 C:\Users\sudes\Local Sites\mitii\app\public\wp-admin\admin-ajax.php(22): require_once('C:\\Users\\sudes\\...')
#4 {main}
  thrown in C:\Users\sudes\Local Sites\mitii\app\public\wp-content\plugins\mitii-booking\mitii-booking.php on line 29
[04-Aug-2026 12:10:58 UTC] PHP Warning:  require_once(C:\Users\sudes\Local Sites\mitii\app\public\wp-content\plugins\mitii-booking/includes/class-mitii-email.php): Failed to open stream: No such file or directory in C:\Users\sudes\Local Sites\mitii\app\public\wp-content\plugins\mitii-booking\mitii-booking.php on line 29
[04-Aug-2026 12:10:58 UTC] PHP Fatal error:  Uncaught Error: Failed opening required 'C:\Users\sudes\Local Sites\mitii\app\public\wp-content\plugins\mitii-booking/includes/class-mitii-email.php' (include_path='.:/usr/share/php:/www/wp-content/pear') in C:\Users\sudes\Local Sites\mitii\app\public\wp-content\plugins\mitii-booking\mitii-booking.php:29
Stack trace:
#0 C:\Users\sudes\Local Sites\mitii\app\public\wp-settings.php(589): include_once()
#1 C:\Users\sudes\Local Sites\mitii\app\public\wp-config.php(108): require_once('C:\\Users\\sudes\\...')
#2 C:\Users\sudes\Local Sites\mitii\app\public\wp-load.php(50): require_once('C:\\Users\\sudes\\...')
#3 C:\Users\sudes\Local Sites\mitii\app\public\wp-admin\admin-ajax.php(22): require_once('C:\\Users\\sudes\\...')
#4 {main}
  thrown in C:\Users\sudes\Local Sites\mitii\app\public\wp-content\plugins\mitii-booking\mitii-booking.php on line 29
[04-Aug-2026 12:13:00 UTC] PHP Warning:  require_once(C:\Users\sudes\Local Sites\mitii\app\public\wp-content\plugins\mitii-booking/includes/class-mitii-email.php): Failed to open stream: No such file or directory in C:\Users\sudes\Local Sites\mitii\app\public\wp-content\plugins\mitii-booking\mitii-booking.php on line 29
[04-Aug-2026 12:13:00 UTC] PHP Fatal error:  Uncaught Error: Failed opening required 'C:\Users\sudes\Local Sites\mitii\app\public\wp-content\plugins\mitii-booking/includes/class-mitii-email.php' (include_path='.:/usr/share/php:/www/wp-content/pear') in C:\Users\sudes\Local Sites\mitii\app\public\wp-content\plugins\mitii-booking\mitii-booking.php:29
Stack trace:
#0 C:\Users\sudes\Local Sites\mitii\app\public\wp-settings.php(589): include_once()
#1 C:\Users\sudes\Local Sites\mitii\app\public\wp-config.php(108): require_once('C:\\Users\\sudes\\...')
#2 C:\Users\sudes\Local Sites\mitii\app\public\wp-load.php(50): require_once('C:\\Users\\sudes\\...')
#3 C:\Users\sudes\Local Sites\mitii\app\public\wp-admin\admin-ajax.php(22): require_once('C:\\Users\\sudes\\...')
#4 {main}
  thrown in C:\Users\sudes\Local Sites\mitii\app\public\wp-content\plugins\mitii-booking\mitii-booking.php on line 29
[04-Aug-2026 12:13:26 UTC] PHP Warning:  require_once(C:\Users\sudes\Local Sites\mitii\app\public\wp-content\plugins\mitii-booking/includes/class-mitii-email.php): Failed to open stream: No such file or directory in C:\Users\sudes\Local Sites\mitii\app\public\wp-content\plugins\mitii-booking\mitii-booking.php on line 29
[04-Aug-2026 12:13:26 UTC] PHP Fatal error:  Uncaught Error: Failed opening required 'C:\Users\sudes\Local Sites\mitii\app\public\wp-content\plugins\mitii-booking/includes/class-mitii-email.php' (include_path='.:/usr/share/php:/www/wp-content/pear') in C:\Users\sudes\Local Sites\mitii\app\public\wp-content\plugins\mitii-booking\mitii-booking.php:29
Stack trace:
#0 C:\Users\sudes\Local Sites\mitii\app\public\wp-settings.php(589): include_once()
#1 C:\Users\sudes\Local Sites\mitii\app\public\wp-config.php(108): require_once('C:\\Users\\sudes\\...')
#2 C:\Users\sudes\Local Sites\mitii\app\public\wp-load.php(50): require_once('C:\\Users\\sudes\\...')
#3 C:\Users\sudes\Local Sites\mitii\app\public\wp-login.php(12): require('C:\\Users\\sudes\\...')
#4 {main}
  thrown in C:\Users\sudes\Local Sites\mitii\app\public\wp-content\plugins\mitii-booking\mitii-booking.php on line 29
[04-Aug-2026 12:13:26 UTC] PHP Warning:  require_once(C:\Users\sudes\Local Sites\mitii\app\public\wp-content\plugins\mitii-booking/includes/class-mitii-email.php): Failed to open stream: No such file or directory in C:\Users\sudes\Local Sites\mitii\app\public\wp-content\plugins\mitii-booking\mitii-booking.php on line 29
[04-Aug-2026 12:13:26 UTC] PHP Fatal error:  Uncaught Error: Failed opening required 'C:\Users\sudes\Local Sites\mitii\app\public\wp-content\plugins\mitii-booking/includes/class-mitii-email.php' (include_path='.:/usr/share/php:/www/wp-content/pear') in C:\Users\sudes\Local Sites\mitii\app\public\wp-content\plugins\mitii-booking\mitii-booking.php:29
Stack trace:
#0 C:\Users\sudes\Local Sites\mitii\app\public\wp-settings.php(589): include_once()
#1 C:\Users\sudes\Local Sites\mitii\app\public\wp-config.php(108): require_once('C:\\Users\\sudes\\...')
#2 C:\Users\sudes\Local Sites\mitii\app\public\wp-load.php(50): require_once('C:\\Users\\sudes\\...')
#3 C:\Users\sudes\Local Sites\mitii\app\public\wp-cron.php(46): require_once('C:\\Users\\sudes\\...')
#4 {main}
  thrown in C:\Users\sudes\Local Sites\mitii\app\public\wp-content\plugins\mitii-booking\mitii-booking.php on line 29
[04-Aug-2026 12:14:29 UTC] PHP Warning:  require_once(C:\Users\sudes\Local Sites\mitii\app\public\wp-content\plugins\mitii-booking/includes/class-mitii-email.php): Failed to open stream: No such file or directory in C:\Users\sudes\Local Sites\mitii\app\public\wp-content\plugins\mitii-booking\mitii-booking.php on line 29
[04-Aug-2026 12:14:29 UTC] PHP Fatal error:  Uncaught Error: Failed opening required 'C:\Users\sudes\Local Sites\mitii\app\public\wp-content\plugins\mitii-booking/includes/class-mitii-email.php' (include_path='.:/usr/share/php:/www/wp-content/pear') in C:\Users\sudes\Local Sites\mitii\app\public\wp-content\plugins\mitii-booking\mitii-booking.php:29
Stack trace:
#0 C:\Users\sudes\Local Sites\mitii\app\public\wp-settings.php(589): include_once()
#1 C:\Users\sudes\Local Sites\mitii\app\public\wp-config.php(108): require_once('C:\\Users\\sudes\\...')
#2 C:\Users\sudes\Local Sites\mitii\app\public\wp-load.php(50): require_once('C:\\Users\\sudes\\...')
#3 C:\Users\sudes\Local Sites\mitii\app\public\wp-cron.php(46): require_once('C:\\Users\\sudes\\...')
#4 {main}
  thrown in C:\Users\sudes\Local Sites\mitii\app\public\wp-content\plugins\mitii-booking\mitii-booking.php on line 29
